Microchip MPLAB XC8 Compiler V2.31

Linker command line:

-W-3 --edf=/opt/microchip/xc8/v2.31/pic/dat/en_msgs.txt -cn \
  -h+dist/default/production/Lab2.X.production.sym \
  --cmf=dist/default/production/Lab2.X.production.cmf -z -Q16F887 \
  -o/tmp/xcXAOMCnJ --defsym=__MPLAB_BUILD=1 \
  -Mdist/default/production/Lab2.X.production.map -E1 -ver=XC8 Compiler \
  --acfsm=1493 -ASTACK=0110h-016Fh -pstack=STACK -ACODE=00h-07FFhx4 \
  -ASTRCODE=00h-01FFFh -ASTRING=00h-0FFhx32 -ACONST=00h-0FFhx32 \
  -AENTRY=00h-0FFhx32 -ACOMMON=070h-07Fh -ABANK0=020h-06Fh \
  -ABANK1=0A0h-0EFh -ABANK2=0110h-016Fh -ABANK3=0190h-01EFh \
  -ARAM=020h-06Fh,0A0h-0EFh,0110h-016Fh,0190h-01EFh \
  -AABS1=020h-07Fh,0A0h-0EFh,0110h-016Fh,0190h-01EFh -ASFR0=00h-01Fh \
  -ASFR1=080h-09Fh -ASFR2=0100h-010Fh -ASFR3=0180h-018Fh \
  -ACONFIG=02007h-02008h -DCONFIG=2 -AIDLOC=02000h-02003h -DIDLOC=2 \
  -AEEDATA=00h-0FFh/02100h -peeprom_data=EEDATA -DEEDATA=2 -DCODE=2 \
  -DSTRCODE=2 -DSTRING=2 -DCONST=2 -DENTRY=2 \
  -preset_vec=00h,intentry=04h,init,end_init -ppowerup=CODE -pcinit=CODE \
  -pfunctab=ENTRY -k /tmp/xcXLAkBCH.o \
  dist/default/production/Lab2.X.production.o 

Object code version is 3.11

Machine type is 16F887



                Name                               Link     Load   Length Selector   Space Scale
/tmp/xcXLAkBCH.o
                end_init                              C        C        3        8       0
                reset_vec                             0        0        3        0       0
                config                             2007     2007        2        0       4
dist/default/production/Lab2.X.production.o
                cinit                                 F        F        C        8       0
                intentry                              4        4        8        8       0
                config                             2007     2007        2        0       4
                text11                              14C      14C       2D        8       0
                text10                              1DE      1DE        4        8       0
                text9                               1C5      1C5        B        8       0
                text8                               1B3      1B3       12        8       0
                text7                                1B       1B       97        8       0
                text6                               11B      11B       31        8       0
                text5                                B2       B2       36        8       0
                text4                               179      179       1E        8       0
                text3                               1D0      1D0        A        8       0
                text2                               1DA      1DA        4        8       0
                text1                                E8       E8       33        8       0
                maintext                            197      197       1C        8       0
                cstackBANK0                          20       20        8       20       1
                cstackCOMMON                         70       70        9       70       1
                bssBANK0                             28       28        4       20       1
                bssCOMMON                            79       79        2       70       1

TOTAL           Name                               Link     Load   Length     Space
        CLASS   STACK          

        CLASS   CODE           
                end_init                              C        C        3         0
                cinit                                 F        F        C         0
                intentry                              4        4        8         0
                reset_vec                             0        0        3         0
                text11                              14C      14C       2D         0
                text10                              1DE      1DE        4         0
                text9                               1C5      1C5        B         0
                text8                               1B3      1B3       12         0
                text7                                1B       1B       97         0
                text6                               11B      11B       31         0
                text5                                B2       B2       36         0
                text4                               179      179       1E         0
                text3                               1D0      1D0        A         0
                text2                               1DA      1DA        4         0
                text1                                E8       E8       33         0
                maintext                            197      197       1C         0

        CLASS   STRCODE        

        CLASS   STRING         

        CLASS   CONST          

        CLASS   ENTRY          

        CLASS   COMMON         
                cstackCOMMON                         70       70        9         1
                bssCOMMON                            79       79        2         1

        CLASS   BANK0          
                cstackBANK0                          20       20        8         1
                bssBANK0                             28       28        4         1

        CLASS   BANK1          

        CLASS   BANK2          

        CLASS   BANK3          

        CLASS   RAM            

        CLASS   ABS1           
                abs_s1                               7E       7E        2         1

        CLASS   SFR0           

        CLASS   SFR1           

        CLASS   SFR2           

        CLASS   SFR3           

        CLASS   CONFIG         
                config                             2007     2007        2         4

        CLASS   IDLOC          

        CLASS   EEDATA         



SEGMENTS        Name                           Load    Length   Top    Selector   Space  Class     Delta

                reset_vec                      000000  000003  000003         0       0  CODE        2
                cstackBANK0                    000020  00000C  00002C        20       1  BANK0       1
                intentry                       000004  0001DE  0001E2         8       0  CODE        2
                cstackCOMMON                   000070  00000B  00007B        70       1  COMMON      1


UNUSED ADDRESS RANGES

        Name                Unused          Largest block    Delta
        BANK0            002C-006F             44           1
        BANK1            00A0-00EF             50           1
        BANK2            0110-016F             60           1
        BANK3            0190-01EF             60           1
        CODE             0003-0003              1           2
                         01E2-1FFF            800
        COMMON           007B-007D              3           1
        CONST            0003-0003              1           2
                         01E2-1FFF            100
        EEDATA           2100-21FF            100           2
        ENTRY            0003-0003              1           2
                         01E2-1FFF            100
        IDLOC            2000-2003              4           2
        RAM              002C-006F             44           1
                         00A0-00EF             50
                         0110-016F             60
                         0190-01EF             60
        SFR0             0000-001F             20           1
        SFR1             0080-009F             20           1
        SFR2             0100-010F             10           1
        SFR3             0180-018F             10           1
        STACK            0110-016F             60           1
        STRCODE          0003-0003              1           2
                         01E2-1FFF           1E1E
        STRING           0003-0003              1           2
                         01E2-1FFF            100

                                  Symbol Table

_ADCON0                  (abs)        001F
_ADCON0bits              (abs)        001F
_ADCON1bits              (abs)        009F
_ADRESH                  (abs)        001E
_ANSEL                   (abs)        0188
_ANSELH                  (abs)        0189
_INTCONbits              (abs)        000B
_IOCB                    (abs)        0096
_OPTION_REGbits          (abs)        0081
_OSCCON                  (abs)        008F
_PIE1bits                (abs)        008C
_PIR1bits                (abs)        000C
_PORTA                   (abs)        0005
_PORTB                   (abs)        0006
_PORTC                   (abs)        0007
_PORTD                   (abs)        0008
_PORTE                   (abs)        0009
_TMR0                    (abs)        0001
_TRISA                   (abs)        0085
_TRISB                   (abs)        0086
_TRISC                   (abs)        0087
_TRISD                   (abs)        0088
_TRISE                   (abs)        0089
__Habs1                  abs1         0000
__Hbank0                 bank0        0000
__Hbank1                 bank1        0000
__Hbank2                 bank2        0000
__Hbank3                 bank3        0000
__HbssBANK0              bssBANK0     0000
__HbssCOMMON             bssCOMMON    0000
__Hcinit                 cinit        001B
__Hclrtext               clrtext      0000
__Hcode                  code         0000
__Hcommon                common       0000
__Hconfig                config       2009
__HcstackBANK0           cstackBANK0  0000
__HcstackCOMMON          cstackCOMMON 0000
__Heeprom_data           eeprom_data  0000
__Hend_init              end_init     000F
__Hfunctab               functab      0000
__Hinit                  init         000C
__Hintentry              intentry     000C
__Hmaintext              maintext     0000
__Hpowerup               powerup      0000
__Hram                   ram          0000
__Hreset_vec             reset_vec    0003
__Hsfr0                  sfr0         0000
__Hsfr1                  sfr1         0000
__Hsfr2                  sfr2         0000
__Hsfr3                  sfr3         0000
__Hspace_0               (abs)        01E2
__Hspace_1               (abs)        007B
__Hspace_2               (abs)        0000
__Hspace_3               (abs)        0000
__Hspace_4               (abs)        4010
__Hstack                 stack        0000
__Hstrings               strings      0000
__Htext                  text         0000
__Labs1                  abs1         0000
__Lbank0                 bank0        0000
__Lbank1                 bank1        0000
__Lbank2                 bank2        0000
__Lbank3                 bank3        0000
__LbssBANK0              bssBANK0     0000
__LbssCOMMON             bssCOMMON    0000
__Lcinit                 cinit        000F
__Lclrtext               clrtext      0000
__Lcode                  code         0000
__Lcommon                common       0000
__Lconfig                config       0000
__LcstackBANK0           cstackBANK0  0000
__LcstackCOMMON          cstackCOMMON 0000
__Leeprom_data           eeprom_data  0000
__Lend_init              end_init     000C
__Lfunctab               functab      0000
__Linit                  init         000C
__Lintentry              intentry     0004
__Lmaintext              maintext     0000
__Lpowerup               powerup      0000
__Lram                   ram          0000
__Lreset_vec             reset_vec    0000
__Lsfr0                  sfr0         0000
__Lsfr1                  sfr1         0000
__Lsfr2                  sfr2         0000
__Lsfr3                  sfr3         0000
__Lspace_0               (abs)        0000
__Lspace_1               (abs)        0000
__Lspace_2               (abs)        0000
__Lspace_3               (abs)        0000
__Lspace_4               (abs)        0000
__Lstack                 stack        0000
__Lstrings               strings      0000
__Ltext                  text         0000
__S0                     (abs)        01E2
__S1                     (abs)        007B
__S2                     (abs)        0000
__S3                     (abs)        0000
___int_sp                stack        0000
___latbits               (abs)        0002
___sp                    stack        0000
___stackhi               (abs)        0000
___stacklo               (abs)        0000
__end_of__initialization cinit        0017
__end_of_adc_config      text3        01DA
__end_of_adc_isr_enable  text2        01DE
__end_of_adc_logic       text8        01C5
__end_of_adc_start       text10       01E2
__end_of_adc_wait        text9        01D0
__end_of_d7s_2display    text6        014C
__end_of_d7s_bin2hex     text7        00B2
__end_of_isr             text11       0179
__end_of_main            maintext     01B3
__end_of_mux_logic       text5        00E8
__end_of_push_logic      text4        0197
__end_of_setup           text1        011B
__initialization         cinit        000F
__pbssBANK0              bssBANK0     0028
__pbssCOMMON             bssCOMMON    0079
__pcstackBANK0           cstackBANK0  0020
__pcstackCOMMON          cstackCOMMON 0070
__pintentry              intentry     0004
__pmaintext              maintext     0197
__ptext1                 text1        00E8
__ptext10                text10       01DE
__ptext11                text11       014C
__ptext2                 text2        01DA
__ptext3                 text3        01D0
__ptext4                 text4        0179
__ptext5                 text5        00B2
__ptext6                 text6        011B
__ptext7                 text7        001B
__ptext8                 text8        01B3
__ptext9                 text9        01C5
__size_of_adc_config     (abs)        0000
__size_of_adc_isr_enable (abs)        0000
__size_of_adc_logic      (abs)        0000
__size_of_adc_start      (abs)        0000
__size_of_adc_wait       (abs)        0000
__size_of_d7s_2display   (abs)        0000
__size_of_d7s_bin2hex    (abs)        0000
__size_of_isr            (abs)        0000
__size_of_main           (abs)        0000
__size_of_mux_logic      (abs)        0000
__size_of_push_logic     (abs)        0000
__size_of_setup          (abs)        0000
_adc_config              text3        01D0
_adc_data                bssBANK0     0029
_adc_isr_enable          text2        01DA
_adc_logic               text8        01B3
_adc_start               text10       01DE
_adc_wait                text9        01C5
_d7s_2display            text6        011B
_d7s_bin2hex             text7        001B
_isr                     text11       014C
_main                    maintext     0197
_mux_flag                bssBANK0     0028
_mux_logic               text5        00B2
_mux_logic$232           cstackBANK0  0026
_mux_timer               bssBANK0     002A
_portb_flags             bssCOMMON    007A
_push_counter            bssBANK0     002B
_push_logic              text4        0179
_push_timer              bssCOMMON    0079
_setup                   text1        00E8
btemp                    (abs)        007E
d7s_2display@data        cstackBANK0  0022
d7s_2display@port        cstackBANK0  0020
d7s_2display@sel         cstackBANK0  0023
d7s_bin2hex@hex          cstackCOMMON 0076
d7s_bin2hex@num          cstackCOMMON 0075
end_of_initialization    cinit        0017
interrupt_function       intentry     0004
intlevel0                functab      0000
intlevel1                functab      0000
intlevel2                functab      0000
intlevel3                functab      0000
intlevel4                functab      0000
intlevel5                functab      0000
reset_vec                reset_vec    0000
saved_w                  (abs)        007E
start                    init         000C
start_initialization     cinit        000F
wtemp0                   (abs)        007E


FUNCTION INFORMATION:

 *************** function _main *****************
 Defined at:
		line 77 in file "main.c"
 Parameters:    Size  Location     Type
		None
 Auto vars:     Size  Location     Type
		None
 Return value:  Size  Location     Type
                  1    wreg      void 
 Registers used:
		wreg, fsr0l, fsr0h, status,2, status,0, pclath, cstack
 Tracked objects:
		On entry : 
		On exit  : 
		Unchanged: 
 Data sizes:     COMMON   BANK0   BANK1   BANK3   BANK2
      Params:         0       0       0       0       0
      Locals:         0       0       0       0       0
      Temps:          0       0       0       0       0
      Totals:         0       0       0       0       0
Total ram usage:        0 bytes
 Hardware stack levels required when called:    4
 This function calls:
		_adc_logic
		_mux_logic
		_push_logic
		_setup
 This function is called by:
		Startup code after reset
 This function uses a non-reentrant model


 *************** function _setup *****************
 Defined at:
		line 168 in file "main.c"
 Parameters:    Size  Location     Type
		None
 Auto vars:     Size  Location     Type
		None
 Return value:  Size  Location     Type
                  1    wreg      void 
 Registers used:
		wreg, status,2, status,0, pclath, cstack
 Tracked objects:
		On entry : 
		On exit  : 
		Unchanged: 
 Data sizes:     COMMON   BANK0   BANK1   BANK3   BANK2
      Params:         0       0       0       0       0
      Locals:         0       0       0       0       0
      Temps:          0       0       0       0       0
      Totals:         0       0       0       0       0
Total ram usage:        0 bytes
 Hardware stack levels used:    1
 Hardware stack levels required when called:    2
 This function calls:
		_adc_config
		_adc_isr_enable
 This function is called by:
		_main
 This function uses a non-reentrant model


 *************** function _adc_isr_enable *****************
 Defined at:
		line 37 in file "/home/daniel/UVG/Ciclo7/Digital 2/Laboratorios/libs/adc.X/adc.c"
 Parameters:    Size  Location     Type
		None
 Auto vars:     Size  Location     Type
		None
 Return value:  Size  Location     Type
                  1    wreg      void 
 Registers used:
		None
 Tracked objects:
		On entry : 
		On exit  : 
		Unchanged: 
 Data sizes:     COMMON   BANK0   BANK1   BANK3   BANK2
      Params:         0       0       0       0       0
      Locals:         0       0       0       0       0
      Temps:          0       0       0       0       0
      Totals:         0       0       0       0       0
Total ram usage:        0 bytes
 Hardware stack levels used:    1
 Hardware stack levels required when called:    1
 This function calls:
		Nothing
 This function is called by:
		_setup
 This function uses a non-reentrant model


 *************** function _adc_config *****************
 Defined at:
		line 11 in file "/home/daniel/UVG/Ciclo7/Digital 2/Laboratorios/libs/adc.X/adc.c"
 Parameters:    Size  Location     Type
		None
 Auto vars:     Size  Location     Type
		None
 Return value:  Size  Location     Type
                  1    wreg      void 
 Registers used:
		wreg
 Tracked objects:
		On entry : 
		On exit  : 
		Unchanged: 
 Data sizes:     COMMON   BANK0   BANK1   BANK3   BANK2
      Params:         0       0       0       0       0
      Locals:         0       0       0       0       0
      Temps:          0       0       0       0       0
      Totals:         0       0       0       0       0
Total ram usage:        0 bytes
 Hardware stack levels used:    1
 Hardware stack levels required when called:    1
 This function calls:
		Nothing
 This function is called by:
		_setup
 This function uses a non-reentrant model


 *************** function _push_logic *****************
 Defined at:
		line 143 in file "main.c"
 Parameters:    Size  Location     Type
		None
 Auto vars:     Size  Location     Type
		None
 Return value:  Size  Location     Type
                  1    wreg      void 
 Registers used:
		wreg, status,2, status,0
 Tracked objects:
		On entry : 
		On exit  : 
		Unchanged: 
 Data sizes:     COMMON   BANK0   BANK1   BANK3   BANK2
      Params:         0       0       0       0       0
      Locals:         0       0       0       0       0
      Temps:          1       0       0       0       0
      Totals:         1       0       0       0       0
Total ram usage:        1 bytes
 Hardware stack levels used:    1
 Hardware stack levels required when called:    1
 This function calls:
		Nothing
 This function is called by:
		_main
 This function uses a non-reentrant model


 *************** function _mux_logic *****************
 Defined at:
		line 115 in file "main.c"
 Parameters:    Size  Location     Type
		None
 Auto vars:     Size  Location     Type
		None
 Return value:  Size  Location     Type
                  1    wreg      void 
 Registers used:
		wreg, fsr0l, fsr0h, status,2, status,0, pclath, cstack
 Tracked objects:
		On entry : 
		On exit  : 
		Unchanged: 
 Data sizes:     COMMON   BANK0   BANK1   BANK3   BANK2
      Params:         0       0       0       0       0
      Locals:         0       2       0       0       0
      Temps:          0       2       0       0       0
      Totals:         0       4       0       0       0
Total ram usage:        4 bytes
 Hardware stack levels used:    1
 Hardware stack levels required when called:    3
 This function calls:
		_d7s_2display
 This function is called by:
		_main
 This function uses a non-reentrant model


 *************** function _d7s_2display *****************
 Defined at:
		line 97 in file "d7s.c"
 Parameters:    Size  Location     Type
  port            2    0[BANK0 ] PTR unsigned char 
		 -> PORTC(1), 
  data            1    2[BANK0 ] unsigned char 
  sel             1    3[BANK0 ] _Bool 
 Auto vars:     Size  Location     Type
		None
 Return value:  Size  Location     Type
                  1    wreg      void 
 Registers used:
		wreg, fsr0l, fsr0h, status,2, status,0, pclath, cstack
 Tracked objects:
		On entry : 
		On exit  : 
		Unchanged: 
 Data sizes:     COMMON   BANK0   BANK1   BANK3   BANK2
      Params:         0       4       0       0       0
      Locals:         0       0       0       0       0
      Temps:          2       0       0       0       0
      Totals:         2       4       0       0       0
Total ram usage:        6 bytes
 Hardware stack levels used:    1
 Hardware stack levels required when called:    2
 This function calls:
		_d7s_bin2hex
 This function is called by:
		_mux_logic
 This function uses a non-reentrant model


 *************** function _d7s_bin2hex *****************
 Defined at:
		line 18 in file "d7s.c"
 Parameters:    Size  Location     Type
  num             1    wreg     unsigned char 
 Auto vars:     Size  Location     Type
  num             1    5[COMMON] unsigned char 
  hex             1    6[COMMON] unsigned char 
 Return value:  Size  Location     Type
                  1    wreg      unsigned char 
 Registers used:
		wreg, fsr0l, fsr0h, status,2, status,0
 Tracked objects:
		On entry : 
		On exit  : 
		Unchanged: 
 Data sizes:     COMMON   BANK0   BANK1   BANK3   BANK2
      Params:         0       0       0       0       0
      Locals:         2       0       0       0       0
      Temps:          2       0       0       0       0
      Totals:         4       0       0       0       0
Total ram usage:        4 bytes
 Hardware stack levels used:    1
 Hardware stack levels required when called:    1
 This function calls:
		Nothing
 This function is called by:
		_d7s_2display
 This function uses a non-reentrant model


 *************** function _adc_logic *****************
 Defined at:
		line 132 in file "main.c"
 Parameters:    Size  Location     Type
		None
 Auto vars:     Size  Location     Type
		None
 Return value:  Size  Location     Type
                  1    wreg      void 
 Registers used:
		status,2, status,0, pclath, cstack
 Tracked objects:
		On entry : 
		On exit  : 
		Unchanged: 
 Data sizes:     COMMON   BANK0   BANK1   BANK3   BANK2
      Params:         0       0       0       0       0
      Locals:         0       0       0       0       0
      Temps:          0       0       0       0       0
      Totals:         0       0       0       0       0
Total ram usage:        0 bytes
 Hardware stack levels used:    1
 Hardware stack levels required when called:    2
 This function calls:
		_adc_start
		_adc_wait
 This function is called by:
		_main
 This function uses a non-reentrant model


 *************** function _adc_wait *****************
 Defined at:
		line 47 in file "/home/daniel/UVG/Ciclo7/Digital 2/Laboratorios/libs/adc.X/adc.c"
 Parameters:    Size  Location     Type
		None
 Auto vars:     Size  Location     Type
		None
 Return value:  Size  Location     Type
                  1    wreg      void 
 Registers used:
		None
 Tracked objects:
		On entry : 
		On exit  : 
		Unchanged: 
 Data sizes:     COMMON   BANK0   BANK1   BANK3   BANK2
      Params:         0       0       0       0       0
      Locals:         0       0       0       0       0
      Temps:          0       0       0       0       0
      Totals:         0       0       0       0       0
Total ram usage:        0 bytes
 Hardware stack levels used:    1
 Hardware stack levels required when called:    1
 This function calls:
		Nothing
 This function is called by:
		_adc_logic
 This function uses a non-reentrant model


 *************** function _adc_start *****************
 Defined at:
		line 22 in file "/home/daniel/UVG/Ciclo7/Digital 2/Laboratorios/libs/adc.X/adc.c"
 Parameters:    Size  Location     Type
		None
 Auto vars:     Size  Location     Type
		None
 Return value:  Size  Location     Type
                  1    wreg      void 
 Registers used:
		None
 Tracked objects:
		On entry : 
		On exit  : 
		Unchanged: 
 Data sizes:     COMMON   BANK0   BANK1   BANK3   BANK2
      Params:         0       0       0       0       0
      Locals:         0       0       0       0       0
      Temps:          0       0       0       0       0
      Totals:         0       0       0       0       0
Total ram usage:        0 bytes
 Hardware stack levels used:    1
 Hardware stack levels required when called:    1
 This function calls:
		Nothing
 This function is called by:
		_adc_logic
 This function uses a non-reentrant model


 *************** function _isr *****************
 Defined at:
		line 93 in file "main.c"
 Parameters:    Size  Location     Type
		None
 Auto vars:     Size  Location     Type
		None
 Return value:  Size  Location     Type
                  1    wreg      void 
 Registers used:
		wreg, status,2, status,0
 Tracked objects:
		On entry : 
		On exit  : 
		Unchanged: 
 Data sizes:     COMMON   BANK0   BANK1   BANK3   BANK2
      Params:         0       0       0       0       0
      Locals:         0       0       0       0       0
      Temps:          3       0       0       0       0
      Totals:         3       0       0       0       0
Total ram usage:        3 bytes
 Hardware stack levels used:    1
 This function calls:
		Nothing
 This function is called by:
		Interrupt level 1
 This function uses a non-reentrant model



MODULE INFORMATION

Module		Function		Class		Link	Load	Size
/home/daniel/UVG/Ciclo7/Digital 2/Laboratorios/libs/adc.X/adc.c
		_adc_isr_enable		CODE           	01DA	0000	4
		_adc_start     		CODE           	01DE	0000	4
		_adc_config    		CODE           	01D0	0000	10
		_adc_wait      		CODE           	01C5	0000	11

/home/daniel/UVG/Ciclo7/Digital 2/Laboratorios/libs/adc.X/adc.c estimated size: 29

shared
		__initialization		CODE           	000F	0000	8

shared estimated size: 8

d7s.c
		_d7s_bin2hex   		CODE           	001B	0000	151
		_d7s_2display  		CODE           	011B	0000	49

d7s.c estimated size: 200

main.c
		_main          		CODE           	0197	0000	28
		_adc_logic     		CODE           	01B3	0000	18
		_push_logic    		CODE           	0179	0000	30
		_isr           		CODE           	014C	0000	45
		_mux_logic     		CODE           	00B2	0000	54
		_setup         		CODE           	00E8	0000	51

main.c estimated size: 226

